<?xml version="1.0" encoding="utf-8"?><testsuites><testsuite name="pytest" errors="0" failures="0" skipped="0" tests="15" time="1.300" timestamp="2025-06-23T17:44:50.475327" hostname="cursor"><testcase classname="test_app.TestUtilityFunctions" name="test_f_function_execution" time="0.056" /><testcase classname="test_app.TestUtilityFunctions" name="test_readvote_success" time="0.205" /><testcase classname="test_app.TestUtilityFunctions" name="test_readvote_restaurant_not_found" time="0.047" /><testcase classname="test_app.TestUtilityFunctions" name="test_updatevote_success" time="0.060" /><testcase classname="test_app.TestFlaskRoutes" name="test_home_route" time="0.004" /><testcase classname="test_app.TestFlaskRoutes" name="test_outback_route" time="0.050" /><testcase classname="test_app.TestFlaskRoutes" name="test_bucadibeppo_route" time="0.051" /><testcase classname="test_app.TestFlaskRoutes" name="test_ihop_route" time="0.069" /><testcase classname="test_app.TestFlaskRoutes" name="test_chipotle_route" time="0.049" /><testcase classname="test_app.TestFlaskRoutes" name="test_getvotes_route" time="0.053" /><testcase classname="test_app.TestFlaskRoutes" name="test_getheavyvotes_route" time="0.231" /><testcase classname="test_app.TestEnvironmentVariables" name="test_default_environment_values" time="0.001" /><testcase classname="test_app.TestEnvironmentVariables" name="test_custom_environment_values" time="0.015" /><testcase classname="test_app.TestErrorHandling" name="test_route_with_dynamodb_error" time="0.002" /><testcase classname="test_app.TestErrorHandling" name="test_route_with_update_error" time="0.002" /></testsuite></testsuites>